{
  "data": {
    "puppy": {
      "name": "Sophie D Chillingshead",
      "breed": "Chihuahua"
    }
  }
}
