{
  "data": {
    "puppy": {
      "name": "Daisy",
      "breed": "Golden Doodle"
    }
  }
}
