{
  "data": {
    "puppy": {
      "name": "Sparky",
      "breed": "Beagle"
    }
  }
}
